
  .   ____          _            __ _ _
 /\\ / ___'_ __ _ _(_)_ __  __ _ \ \ \ \
( ( )\___ | '_ | '_| | '_ \/ _` | \ \ \ \
 \\/  ___)| |_)| | | | | || (_| |  ) ) ) )
  '  |____| .__|_| |_|_| |_\__, | / / / /
 =========|_|==============|___/=/_/_/_/

 :: Spring Boot ::                (v4.1.0)

2026-08-28T11:32:35.732-07:00  INFO 9800 --- [           main] c.l.s.cruddemo.CruddemoApplication       : Starting CruddemoApplication v0.0.1-SNAPSHOT using Java 21.0.11 with PID 9800 (C:\Users\carlo\OneDrive\Desktop\02-demo-spring-security\04-security-combined\target\security-combined-0.0.1-SNAPSHOT.jar started by carlo in C:\Users\carlo\OneDrive\Desktop\02-demo-spring-security\04-security-combined)
2026-08-28T11:32:35.745-07:00  INFO 9800 --- [           main] c.l.s.cruddemo.CruddemoApplication       : No active profile set, falling back to 1 default profile: "default"
2026-08-28T11:32:37.859-07:00  INFO 9800 --- [           main] .s.d.r.c.RepositoryConfigurationDelegate : Bootstrapping Spring Data JPA repositories in DEFAULT mode.
2026-08-28T11:32:38.117-07:00  INFO 9800 --- [           main] .s.d.r.c.RepositoryConfigurationDelegate : Finished Spring Data repository scanning in 223 ms. Found 1 JPA repository interface.
2026-08-28T11:32:39.849-07:00  INFO 9800 --- [           main] o.s.boot.tomcat.TomcatWebServer          : Tomcat initialized with port 8074 (http)
2026-08-28T11:32:39.894-07:00  INFO 9800 --- [           main] o.apache.catalina.core.StandardService   : Starting service [Tomcat]
2026-08-28T11:32:39.896-07:00  INFO 9800 --- [           main] o.apache.catalina.core.StandardEngine    : Starting Servlet engine: [Apache Tomcat/11.0.22]
2026-08-28T11:32:39.998-07:00  INFO 9800 --- [           main] b.w.c.s.WebApplicationContextInitializer : Root WebApplicationContext: initialization completed in 4081 ms
2026-08-28T11:32:40.485-07:00  INFO 9800 --- [           main] com.zaxxer.hikari.HikariDataSource       : HikariPool-1 - Starting...
2026-08-28T11:32:41.870-07:00  INFO 9800 --- [           main] com.zaxxer.hikari.pool.HikariPool        : HikariPool-1 - Added connection com.mysql.cj.jdbc.ConnectionImpl@307cf964
2026-08-28T11:32:41.879-07:00  INFO 9800 --- [           main] com.zaxxer.hikari.HikariDataSource       : HikariPool-1 - Start completed.
2026-08-28T11:32:42.012-07:00  INFO 9800 --- [           main] org.hibernate.orm.jpa                    : HHH008540: Processing PersistenceUnitInfo [name: default]
2026-08-28T11:32:42.305-07:00  INFO 9800 --- [           main] org.hibernate.orm.core                   : HHH000001: Hibernate ORM core version 7.4.1.Final
2026-08-28T11:32:43.981-07:00  INFO 9800 --- [           main] o.s.o.j.p.SpringPersistenceUnitInfo      : No LoadTimeWeaver setup: ignoring JPA class transformer
2026-08-28T11:32:44.327-07:00  INFO 9800 --- [           main] org.hibernate.orm.connections.pooling    : HHH10001005: Database info:
	Database JDBC URL [jdbc:mysql://localhost:3306/employee_directory]
	Database driver: MySQL Connector/J
	Database dialect: MySQLDialect
	Database version: 9.7.2
	Default catalog/schema: employee_directory/undefined
	Autocommit mode: undefined/unknown
	Isolation level: REPEATABLE_READ [default REPEATABLE_READ]
	JDBC fetch size: none
	Pool: DataSourceConnectionProvider
	Minimum pool size: undefined/unknown
	Maximum pool size: undefined/unknown
2026-08-28T11:32:46.422-07:00  INFO 9800 --- [           main] org.hibernate.orm.core                   : HHH000489: No JTA platform available (set 'hibernate.transaction.jta.platform' to enable JTA platform integration)
2026-08-28T11:32:46.438-07:00  INFO 9800 --- [           main] j.LocalContainerEntityManagerFactoryBean : Initialized JPA EntityManagerFactory for persistence unit 'default'
2026-08-28T11:32:46.647-07:00  INFO 9800 --- [           main] o.s.d.j.r.query.QueryEnhancerFactories   : Hibernate is in classpath; If applicable, HQL parser will be used.
2026-08-28T11:32:47.106-07:00  INFO 9800 --- [           main] o.s.s.p.JdbcUserDetailsManager           : No authentication manager set. Reauthentication of users when changing passwords will not be performed.
2026-08-28T11:32:47.164-07:00  WARN 9800 --- [           main] JpaBaseConfiguration$JpaWebConfiguration : spring.jpa.open-in-view is enabled by default. Therefore, database queries may be performed during view rendering. Explicitly configure spring.jpa.open-in-view to disable this warning
2026-08-28T11:32:47.252-07:00  INFO 9800 --- [           main] r$InitializeUserDetailsManagerConfigurer : Global AuthenticationManager configured with UserDetailsService bean with name userDetailsService
2026-08-28T11:32:49.087-07:00  INFO 9800 --- [           main] o.s.boot.tomcat.TomcatWebServer          : Tomcat started on port 8074 (http) with context path '/'
2026-08-28T11:32:49.146-07:00  INFO 9800 --- [           main] c.l.s.cruddemo.CruddemoApplication       : Started CruddemoApplication in 15.26 seconds (process running for 19.061)
